[36mvite v5.4.21 [32mbuilding for production...[36m[39m
transforming...
[32mΓ£ô[39m 12 modules transformed.
node.exe : 
[31mx[39m Build 
failed in 1.35s
At C:\Program Files\n
odejs\npx.ps1:29 
char:3
+   & $NODE_EXE 
$NPX_CLI_JS $args
+   ~~~~~~~~~~~~~~~~~
~~~~~~~~~~~~
    + CategoryInfo   
           : NotSpe  
  cified: ([31mx   
 [39m Build faile    
d in 1.35s:Strin    
g) [], RemoteExc    
eption
    + FullyQualified 
   ErrorId : Native  
  CommandError
 
[31merror during 
build:
[31m[vite:esbuild] 
Transform failed 
with 1 error:
C:/Users/saide/Docume
nts/Kaappu/kaappu/src
/pages/Solutions.jsx:
188:56: ERROR: 
Expected "}" but 
found "'s JWT and 
constructs the 
Identity Context.It 
queries OpenFGA to 
check whether the 
marketing 
analyst'"[31m
file: [36mC:/Users/s
aide/Documents/Kaappu
/kaappu/src/pages/Sol
utions.jsx:188:56[31
m
[33m
[33mExpected "}" 
but found "'s JWT 
and constructs the 
Identity Context.It 
queries OpenFGA to 
check whether the 
marketing 
analyst'"[33m
186|                 
     title: 'Model 
Access 
Authorization',
187|                 
     scenario: 'A 
marketing analyst 
queries the AI 
assistant, which 
needs to route the 
request to a 
specialized Finance 
LLM to generate a 
financial summary.',
188|                 
     howItWorks: 
'KGF validates the 
user''s JWT and 
constructs the 
Identity Context.It 
queries OpenFGA to 
check whether the 
marketing analyst''s 
role has "can_use" 
permission on the 
Finance model. 
Authorization fails 
because the Finance 
model is restricted 
to Finance 
department roles. 
KGF denies the 
request and emits a 
structured audit 
log.',
   |                 
                     
                    ^
189|                 
     outcome: 
'Unauthorized model 
access blocked. The 
analyst receives a 
clear denial. Full 
audit trail 
recorded. The 
lightweight LLM 
automatically routes 
to a permitted 
general-purpose 
model instead.'
190|                 
 },
[31m
    at 
failureErrorWithLog (
C:\Users\saide\Docume
nts\Kaappu\kaappu\nod
e_modules\esbuild\lib
\main.js:1472:15)
    at C:\Users\saide
\Documents\Kaappu\kaa
ppu\node_modules\esbu
ild\lib\main.js:755:5
0
    at responseCallba
cks.<computed> (C:\Us
ers\saide\Documents\K
aappu\kaappu\node_mod
ules\esbuild\lib\main
.js:622:9)
    at 
handleIncomingPacket 
(C:\Users\saide\Docum
ents\Kaappu\kaappu\no
de_modules\esbuild\li
b\main.js:677:12)
    at Socket.readFro
mStdout (C:\Users\sai
de\Documents\Kaappu\k
aappu\node_modules\es
build\lib\main.js:600
:7)
    at Socket.emit 
(node:events:518:28)
    at addChunk (node
:internal/streams/rea
dable:561:12)
    at readableAddChu
nkPushByteMode (node:
internal/streams/read
able:512:3)
    at Readable.push 
(node:internal/stream
s/readable:392:5)
    at 
Pipe.onStreamRead (no
de:internal/stream_ba
se_commons:189:23)[3
9m
